# 課題1g/1h/1i 発展課題ベンチ (2026-06-22)

## 課題1g: 置換表付き move ordering / NegaScout の枝刈り効果
（標準初期局面・黒視点固定を各深さで1回探索, ImprovedEval）
depth | 手法                     |         訪問ノード数 |    最善手 |          評価値
------+------------------------+----------------+--------+-------------
    4 | α-β (orderingのみ)       |            288 |     d2 |         -0.0
      | + 置換表                  |            288 |     d2 |         -0.0  (0.0%減)
      | + NegaScout            |            227 |     d2 |         -0.0  (21.2%減)
      | 結果一致: ○ (最善手・評価値とも同一)
    5 | α-β (orderingのみ)       |            628 |     d2 |         -4.0
      | + 置換表                  |            628 |     d2 |         -4.0  (0.0%減)
      | + NegaScout            |            490 |     d2 |         -4.0  (22.0%減)
      | 結果一致: ○ (最善手・評価値とも同一)
    6 | α-β (orderingのみ)       |          1,727 |     d2 |          3.0
      | + 置換表                  |          1,717 |     d2 |          3.0  (0.6%減)
      | + NegaScout            |          1,462 |     d2 |          3.0  (15.3%減)
      | 結果一致: ○ (最善手・評価値とも同一)
    7 | α-β (orderingのみ)       |          3,392 |     d2 |         -4.0
      | + 置換表                  |          3,325 |     d2 |         -4.0  (2.0%減)
      | + NegaScout            |          2,495 |     d2 |         -4.0  (26.4%減)
      | 結果一致: ○ (最善手・評価値とも同一)
    8 | α-β (orderingのみ)       |         11,203 |     d2 |         -0.0
      | + 置換表                  |         10,801 |     d2 |         -0.0  (3.6%減)
      | + NegaScout            |          8,652 |     d2 |         -0.0  (22.8%減)
      | 結果一致: ○ (最善手・評価値とも同一)

## 課題1i: ビットボードによる着手可能位置検出の高速化
テスト局面数: 13,009（標準盤・ランダム対局から収集）
正当性検査: ○ 完全一致（不一致 0 件 / 13,009 局面×2色）
配列走査版    :  31057.5 ms / 5,203,600回 =  0.168 Mcalls/s
ビットボード版:   1213.0 ms / 5,203,600回 =  4.290 Mcalls/s  (25.60x 高速)


## 課題1h: マルチスレッド並列探索（ルート分割）の速度向上
（標準初期局面・depth=9・ImprovedEval, 論理コア数=10）
逐次 1スレッド                   :   4068.5 ms |       15,290 nodes | 速度向上 1.00x (基準)
-- (A) 素のルート分割（各手フル窓・α非共有） --
  2スレッド                    :   4131.2 ms |       33,129 nodes | 速度向上 0.98x
  4スレッド                    :   2654.5 ms |       33,129 nodes | 速度向上 1.53x
  8スレッド                    :   2801.2 ms |       33,129 nodes | 速度向上 1.45x
-- (B) α共有（YBWC: PV先読み後に並列） --
  2スレッド                    :   4273.2 ms |       19,499 nodes | 速度向上 0.95x
  4スレッド                    :   4202.8 ms |       19,513 nodes | 速度向上 0.97x
  8スレッド                    :   4201.2 ms |       19,513 nodes | 速度向上 0.97x

